2026-03-17 13:52:01, MOVE, v:1, k:ed@pintando, mode:DOWN
2026-03-17 13:52:07, MOVE, v:1, k:ed@pintando, mode:PICK
2026-03-17 13:52:22, EXEC, v:1, k:ed@pintando, mode:FULL, rate:0, size:5
2026-03-17 13:58:04, EXEC, v:1, k:ed@pintando, mode:FULL, size:16, fail:COMP
2026-03-17 13:58:21, EXEC, v:1, k:ed@pintando, mode:FULL, size:16, fail:COMP
2026-03-17 13:58:31, EXEC, v:1, k:ed@pintando, mode:FULL, rate:0, size:16
2026-03-17 13:58:47, EXEC, v:1, k:ed@pintando, mode:FULL, rate:0, size:16
2026-03-17 13:59:17, EXEC, v:1, k:ed@pintando, mode:FULL, rate:100, size:16
2026-03-17 13:59:48, MOVE, v:1, k:ed@pintando, mode:BACK
2026-03-17 13:59:53, MOVE, v:1, k:ed@mumia, mode:DOWN
2026-03-17 13:59:57, MOVE, v:1, k:ed@mumia, mode:PICK
2026-03-17 14:00:16, EXEC, v:1, k:ed@mumia, mode:FULL, rate:0, size:5
2026-03-17 14:00:18, MOVE, v:1, k:ed@mumia, mode:BACK
2026-03-17 14:00:21, MOVE, v:1, k:ed@pintando, mode:PICK
2026-03-17 14:02:28, EXEC, v:1, k:ed@pintando, mode:FULL, rate:100
2026-03-17 14:02:30, MOVE, v:1, k:ed@pintando, mode:BACK
2026-03-17 14:02:32, MOVE, v:1, k:ed@pintando, mode:PICK
2026-03-17 14:04:33, MOVE, v:1, k:ed@pintando, mode:BACK
2026-03-17 14:04:33, MOVE, v:1, k:ed@pintando, mode:PICK
2026-03-17 14:04:34, MOVE, v:1, k:ed@pintando, mode:BACK
2026-03-17 14:04:37, MOVE, v:1, k:ed@mumia, mode:PICK
2026-03-17 14:15:17, EXEC, v:1, k:ed@mumia, mode:FULL, size:27, fail:COMP
2026-03-17 14:15:33, EXEC, v:1, k:ed@mumia, mode:FULL, size:27, fail:COMP
2026-03-17 14:15:53, EXEC, v:1, k:ed@mumia, mode:FULL, size:27, fail:COMP
2026-03-17 14:16:11, EXEC, v:1, k:ed@mumia, mode:FULL, rate:100, size:20
2026-03-17 14:16:17, MOVE, v:1, k:ed@mumia, mode:BACK
2026-03-17 14:16:21, MOVE, v:1, k:ed@fuga, mode:DOWN
2026-03-17 14:16:26, MOVE, v:1, k:ed@fuga, mode:PICK
2026-03-17 14:24:34, EXEC, v:1, k:ed@fuga, mode:FULL, rate:100, size:26
2026-03-17 14:24:53, MOVE, v:1, k:ed@fuga, mode:BACK
2026-03-17 14:24:57, MOVE, v:1, k:ed@pedra, mode:DOWN
2026-03-17 14:25:07, MOVE, v:1, k:ed@pedra, mode:PICK
2026-03-17 14:25:27, EXEC, v:1, k:ed@pedra, mode:FULL, rate:0, size:5
2026-03-17 14:25:28, MOVE, v:1, k:ed@pedra, mode:BACK
2026-03-17 14:25:30, MOVE, v:1, k:ed@pedra, mode:PICK
2026-03-17 14:25:31, EXEC, v:1, k:ed@pedra, mode:FULL, rate:0
2026-03-17 14:38:04, EXEC, v:1, k:ed@pedra, mode:FULL, rate:100, size:32
2026-03-17 14:41:47, EXEC, v:1, k:ed@pedra, mode:FULL, rate:100
2026-03-17 14:41:49, MOVE, v:1, k:ed@pedra, mode:BACK
2026-03-17 16:21:07, MOVE, v:1, k:ed@pedra, mode:PICK
2026-03-17 16:21:16, EXEC, v:1, k:ed@pedra, mode:FULL, rate:100
2026-03-17 16:41:18, EXEC, v:1, k:ed@pedra, mode:FULL, rate:100
2026-03-17 16:41:20, MOVE, v:1, k:ed@pedra, mode:BACK
2026-03-17 16:41:27, MOVE, v:1, k:ed@casais, mode:DOWN
2026-03-17 16:41:36, MOVE, v:1, k:ed@casais, mode:PICK
2026-03-17 16:41:54, EXEC, v:1, k:ed@casais, mode:FULL, rate:0, size:5
2026-03-17 16:42:37, MOVE, v:1, k:ed@casais, mode:BACK
